// Jest Snapshot v1, https://goo.gl/fbAQLP

exports[`ContanctInformationReferencesContent renders correctly 1`] = `
<div
  data-testid="RACTable"
>
  <div
    id="table-head"
  >
    <div
      data-testid="RACTableCell"
    >
      Name
    </div>
    <div
      data-testid="RACTableCell"
    >
      Phone Number
    </div>
    <div
      data-testid="RACTableCell"
    >
      Relation
    </div>
    <div
      data-testid="RACTableCell"
    >
      Best Time to Call
    </div>
    <div
      data-testid="RACTableCell"
    >
      # Contacts Today
    </div>
    <div
      data-testid="RACTableCell"
    >
      Last Call Result
    </div>
    <div
      align="center"
      data-testid="RACTableCell"
    >
      Action
    </div>
  </div>
  <div
    id="table-content"
  >
    <div
      backgroundColor="white"
      data-testid="RACTableRow"
    >
      <div
        data-testid="RACTableCell"
      >
        <div
          data-testid="Typography"
          variant="body2"
        >
          Alan Hamel
        </div>
      </div>
      <div
        data-testid="RACTableCell"
      >
        <div
          data-testid="Typography"
          variant="body2"
        >
          (***) ***-****
        </div>
      </div>
      <div
        data-testid="RACTableCell"
      >
        <div
          data-testid="Typography"
          variant="body2"
        >
          Friend
        </div>
      </div>
      <div
        data-testid="RACTableCell"
      >
        <div
          data-testid="Typography"
          variant="body2"
        />
      </div>
      <div
        data-testid="RACTableCell"
      >
        <div
          align="center"
          data-testid="Typography"
          variant="body2"
        />
      </div>
      <div
        data-testid="RACTableCell"
      >
        <div
          color="primary"
          data-testid="Typography"
          noWrap={true}
          variant="body2"
        >
          <div
            data-testid="RACTooltip"
            title=""
          >
            <span>
              
            </span>
          </div>
        </div>
      </div>
      <div
        align="center"
        data-testid="RACTableCell"
      >
        <div
          color="primary"
          data-testid="RACButton"
          disabled={true}
          onClick={[Function]}
          variant="outlined"
        >
          Log
        </div>
      </div>
    </div>
    <div
      backgroundColor="white"
      data-testid="RACTableRow"
    >
      <div
        data-testid="RACTableCell"
      >
        <div
          data-testid="Typography"
          variant="body2"
        >
          Jean Valjean
        </div>
      </div>
      <div
        data-testid="RACTableCell"
      >
        <div
          data-testid="Typography"
          variant="body2"
        >
          (***) ***-****
        </div>
      </div>
      <div
        data-testid="RACTableCell"
      >
        <div
          data-testid="Typography"
          variant="body2"
        >
          Friend
        </div>
      </div>
      <div
        data-testid="RACTableCell"
      >
        <div
          data-testid="Typography"
          variant="body2"
        >
          Afternoon
        </div>
      </div>
      <div
        data-testid="RACTableCell"
      >
        <div
          align="center"
          data-testid="Typography"
          variant="body2"
        />
      </div>
      <div
        data-testid="RACTableCell"
      >
        <div
          color="primary"
          data-testid="Typography"
          noWrap={true}
          variant="body2"
        >
          <div
            data-testid="RACTooltip"
            title=""
          >
            <span>
              
            </span>
          </div>
        </div>
      </div>
      <div
        align="center"
        data-testid="RACTableCell"
      >
        <div
          color="primary"
          data-testid="RACButton"
          disabled={true}
          onClick={[Function]}
          variant="outlined"
        >
          Log
        </div>
      </div>
    </div>
  </div>
</div>
`;
