// Jest Snapshot v1, https://goo.gl/fbAQLP

exports[`ContactInformationCustomerContent renders correctly 1`] = `
<div
  data-testid="RACTable"
>
  <div
    id="table-head"
  >
    <div
      data-testid="RACTableCell"
    >
      Name
    </div>
    <div
      data-testid="RACTableCell"
    >
      Phone Number
    </div>
    <div
      data-testid="RACTableCell"
    >
      Type
    </div>
    <div
      data-testid="RACTableCell"
    >
      Best Time to Call
    </div>
    <div
      data-testid="RACTableCell"
    >
      Phone Instructions
    </div>
    <div
      data-testid="RACTableCell"
    >
      # Contacts Today
    </div>
    <div
      data-testid="RACTableCell"
    >
      Last Call Result
    </div>
    <div
      align="center"
      data-testid="RACTableCell"
    >
      Action
    </div>
  </div>
  <div
    id="table-content"
  >
    <div
      backgroundColor="white"
      data-testid="RACTableRow"
    >
      <div
        data-testid="RACTableCell"
      >
        <div
          data-testid="Typography"
          variant="body2"
        >
          First Last
        </div>
      </div>
      <div
        data-testid="RACTableCell"
      >
        <div
          data-testid="Typography"
          variant="body2"
        >
          (***) ***-****
        </div>
      </div>
      <div
        data-testid="RACTableCell"
      >
        <div
          data-testid="Typography"
          variant="body2"
        >
          Cell Phone
        </div>
      </div>
      <div
        data-testid="RACTableCell"
      >
        <div
          data-testid="Typography"
          variant="body2"
        >
          Evening
        </div>
      </div>
      <div
        data-testid="RACTableCell"
      >
        <div
          data-testid="RACTooltip"
          placement="right-start"
          title=""
        >
          <div
            className=""
            color="primary"
            data-testid="Typography"
            noWrap={true}
            variant="body2"
          >
            <span>
              
            </span>
          </div>
        </div>
        <div
          color="primary"
          data-testid="Typography"
          noWrap={true}
          variant="body2"
        />
      </div>
      <div
        data-testid="RACTableCell"
      >
        <div
          align="center"
          data-testid="Typography"
          variant="body2"
        />
      </div>
      <div
        data-testid="RACTableCell"
      >
        <div
          data-testid="RACTooltip"
          placement="right-start"
          title=""
        >
          <div
            color="primary"
            data-testid="Typography"
            noWrap={true}
            variant="body2"
          >
            <span>
              
            </span>
          </div>
        </div>
      </div>
      <div
        data-testid="RACTableCell"
      >
        <div
          color="primary"
          data-testid="RACButton"
          disabled={true}
          onClick={[Function]}
          variant="outlined"
        >
          Log
        </div>
        <div
          color="primary"
          data-testid="RACButton"
          onClick={[Function]}
          variant="contained"
        >
          Edit
        </div>
      </div>
    </div>
    <div
      backgroundColor="white"
      data-testid="RACTableRow"
    >
      <div
        data-testid="RACTableCell"
      >
        <div
          data-testid="Typography"
          variant="body2"
        >
          First Last
        </div>
      </div>
      <div
        data-testid="RACTableCell"
      >
        <div
          data-testid="Typography"
          variant="body2"
        >
          (***) ***-****
        </div>
      </div>
      <div
        data-testid="RACTableCell"
      >
        <div
          data-testid="Typography"
          variant="body2"
        >
          Home Phone
        </div>
      </div>
      <div
        data-testid="RACTableCell"
      >
        <div
          data-testid="Typography"
          variant="body2"
        >
          Evening
        </div>
      </div>
      <div
        data-testid="RACTableCell"
      >
        <div
          data-testid="RACTooltip"
          placement="right-start"
          title="Customer not available"
        >
          <div
            className="Customer not available"
            color="primary"
            data-testid="Typography"
            noWrap={true}
            variant="body2"
          >
            <span>
              Customer not ...
            </span>
          </div>
        </div>
        <div
          color="primary"
          data-testid="Typography"
          noWrap={true}
          variant="body2"
        />
      </div>
      <div
        data-testid="RACTableCell"
      >
        <div
          align="center"
          data-testid="Typography"
          variant="body2"
        />
      </div>
      <div
        data-testid="RACTableCell"
      >
        <div
          data-testid="RACTooltip"
          placement="right-start"
          title=""
        >
          <div
            color="primary"
            data-testid="Typography"
            noWrap={true}
            variant="body2"
          >
            <span>
              
            </span>
          </div>
        </div>
      </div>
      <div
        data-testid="RACTableCell"
      >
        <div
          color="primary"
          data-testid="RACButton"
          disabled={true}
          onClick={[Function]}
          variant="outlined"
        >
          Log
        </div>
        <div
          color="primary"
          data-testid="RACButton"
          onClick={[Function]}
          variant="contained"
        >
          Edit
        </div>
      </div>
    </div>
  </div>
</div>
`;
