// Jest Snapshot v1, https://goo.gl/fbAQLP

exports[`AgreementInfo renders correctly 1`] = `
<div
  data-testid="InfiniteScroll"
  hasMore={false}
  height={330}
  loader={<Loader />}
  next={[MockFunction]}
>
  <div
    data-testid="RACTable"
  >
    <div
      id="table-head"
    >
      <div
        data-testid="RACTableCell"
      >
        <div
          data-testid="Typography"
          variant="h5"
        >
          Agreement
        </div>
      </div>
      <div
        data-testid="RACTableCell"
      >
        <div
          data-testid="Typography"
          variant="h5"
        >
          Due Date
        </div>
      </div>
      <div
        data-testid="RACTableCell"
      >
        <div
          data-testid="Typography"
          variant="h5"
        >
          Type
        </div>
      </div>
      <div
        data-testid="RACTableCell"
      >
        <div
          data-testid="Typography"
          variant="h5"
        >
          Current
        </div>
      </div>
      <div
        color="green"
        data-testid="RACTableCell"
      >
        <div
          data-testid="Typography"
          variant="h5"
        >
          On Time
        </div>
      </div>
      <div
        data-testid="RACTableCell"
      >
        <div
          data-testid="Typography"
          variant="h5"
        >
          1-6 Days Late
        </div>
      </div>
      <div
        data-testid="RACTableCell"
      >
        <div
          data-testid="Typography"
          variant="h5"
        >
          7-14 Days Late
        </div>
      </div>
      <div
        data-testid="RACTableCell"
      >
        <div
          data-testid="Typography"
          variant="h5"
        >
          15+ Days Late
        </div>
      </div>
    </div>
    <div
      id="table-content"
    >
      <div
        backgroundColor="white"
        data-testid="RACTableRow"
      >
        <div
          className="storeRowContentCell"
          data-testid="RACTableCell"
        >
          <div
            className="storeRowContent"
          >
            <div
              data-testid="Typography"
              variant="h4"
            >
              function () {
        return fn.apply(this, arguments);
      } - Flagstaff, AZ
            </div>
          </div>
        </div>
        <div
          data-testid="RACTableCell"
        >
          <div
            className="notVisible"
            data-testid="Typography"
            display="inline"
            noWrap={true}
            variant="body2"
          >
            0
          </div>
        </div>
      </div>
      <div
        backgroundColor="white"
        data-testid="RACTableRow"
      >
        <div
          classes={
            Object {
              "root": undefined,
            }
          }
          data-testid="RACTableCell"
        >
          <a
            className="disi"
            href="/agreement/info/details/undefined/undefined?origin=am-customer"
            onClick={[Function]}
            style={
              Object {
                "color": "inherit",
                "textDecoration": "unset",
              }
            }
          >
            08767673445
          </a>
        </div>
        <div
          data-testid="RACTableCell"
        >
          <div
            className="tableContentColor"
            data-testid="Typography"
            display="inline"
            variant="body2"
          >
            12/12/2021
          </div>
        </div>
        <div
          data-testid="RACTableCell"
        >
          <div
            className="tableContentColor"
            data-testid="Typography"
            display="inline"
            variant="body2"
          />
        </div>
        <div
          data-testid="RACTableCell"
        >
          <div
            className="tableContentColor"
            data-testid="Typography"
            display="inline"
            variant="body2"
          >
            28
          </div>
        </div>
        <div
          data-testid="RACTableCell"
        >
          <div
            className="tableContentColor"
            data-testid="Typography"
            variant="body2"
          >
            0
          </div>
        </div>
        <div
          data-testid="RACTableCell"
        >
          <div
            className="tableContentColor"
            data-testid="Typography"
            variant="body2"
          >
            0
          </div>
        </div>
        <div
          data-testid="RACTableCell"
        >
          <div
            className="tableContentColor"
            data-testid="Typography"
            variant="body2"
          >
            0
          </div>
        </div>
        <div
          data-testid="RACTableCell"
        >
          <div
            className="tableContentColor"
            data-testid="Typography"
            variant="body2"
          >
            0
          </div>
        </div>
      </div>
    </div>
  </div>
</div>
`;
