// Jest Snapshot v1, https://goo.gl/fbAQLP

exports[`CurrentPaymentHistory renders correctly 1`] = `
Array [
  "",
  <div
    data-testid="InfiniteScroll"
    dataLength={20}
    hasMore={false}
    height={330}
    loader={<Loader />}
    next={[MockFunction]}
  >
    <div
      data-testid="RACTable"
    >
      <div
        id="table-head"
      >
        <div
          data-testid="RACTableCell"
        >
          <div
            data-testid="Typography"
            variant="h5"
          >
            Date paid
          </div>
        </div>
        <div
          data-testid="RACTableCell"
        >
          <div
            data-testid="Typography"
            variant="h5"
          >
            Day
          </div>
        </div>
        <div
          data-testid="RACTableCell"
        >
          <div
            data-testid="Typography"
            variant="h5"
          >
            Time
          </div>
        </div>
        <div
          data-testid="RACTableCell"
        >
          <div
            data-testid="Typography"
            variant="h5"
          >
            Receipt #
          </div>
        </div>
        <div
          data-testid="RACTableCell"
        >
          <div
            data-testid="Typography"
            variant="h5"
          >
            Total Payment
          </div>
        </div>
        <div
          align="center"
          data-testid="RACTableCell"
        >
          <div
            data-testid="Typography"
            variant="h5"
          >
            Next Due Date
          </div>
        </div>
        <div
          data-testid="RACTableCell"
        >
          <div
            data-testid="Typography"
            variant="h5"
          >
            Days Ext
          </div>
        </div>
        <div
          data-testid="RACTableCell"
        >
          <div
            data-testid="Typography"
            variant="h5"
          >
            # Days late
          </div>
        </div>
        <div
          data-testid="RACTableCell"
        >
          <div
            data-testid="Typography"
            variant="h5"
          >
            Store
          </div>
        </div>
        <div
          data-testid="RACTableCell"
        >
          <div
            data-testid="Typography"
            variant="h5"
          >
            Payment Origin
          </div>
        </div>
        <div
          data-testid="RACTableCell"
        >
          <div
            data-testid="Typography"
            variant="h5"
          >
            Tender Type
          </div>
        </div>
        <div
          data-testid="RACTableCell"
        >
          <div
            data-testid="Typography"
            variant="h5"
          >
            Net Rent
          </div>
        </div>
        <div
          data-testid="RACTableCell"
        >
          <div
            data-testid="Typography"
            variant="h5"
          >
            Club
          </div>
        </div>
      </div>
      <div
        id="table-content"
      >
        <div
          backgroundColor="white"
          data-testid="RACTableRow"
          hover={true}
        >
          <div
            data-testid="RACTableCell"
          >
            <div
              className="tableContentColor"
              data-testid="Typography"
              variant="body2"
            >
              12/12/2021
            </div>
          </div>
          <div
            data-testid="RACTableCell"
          >
            <div
              className="tableContentColor"
              data-testid="Typography"
              variant="body2"
            >
              Sat
            </div>
          </div>
          <div
            data-testid="RACTableCell"
          >
            <div
              className="tableContentColor"
              data-testid="Typography"
              variant="body2"
            >
              10:00 AM
            </div>
          </div>
          <div
            data-testid="RACTableCell"
          >
            <div
              color="primary"
              data-testid="RACButton"
              onClick={[Function]}
              size="small"
              variant="text"
            >
              <div
                color="primary"
                data-testid="Typography"
                onClick={[Function]}
                variant="body2"
              >
                9999646083762
              </div>
            </div>
          </div>
          <div
            data-testid="RACTableCell"
          >
            <div
              className="tableContentColor"
              data-testid="Typography"
              variant="body2"
            >
              $116.98
            </div>
          </div>
          <div
            data-testid="RACTableCell"
          >
            <div
              align="center"
              className="tableContentColor"
              data-testid="Typography"
              variant="body2"
            >
              12/12/2021
            </div>
          </div>
          <div
            data-testid="RACTableCell"
          >
            <div
              className="tableContentColor"
              data-testid="Typography"
              variant="body2"
            >
              0
            </div>
          </div>
          <div
            data-testid="RACTableCell"
          >
            <div
              className="tableContentColor"
              data-testid="Typography"
              variant="body2"
            >
              0
            </div>
          </div>
          <div
            data-testid="RACTableCell"
          >
            <div
              className="tableContentColor"
              data-testid="Typography"
              variant="body2"
            />
          </div>
          <div
            data-testid="RACTableCell"
          >
            <div
              className="tableContentColor"
              data-testid="Typography"
              variant="body2"
            >
              AutoPay
            </div>
          </div>
          <div
            data-testid="RACTableCell"
          >
            <div
              className="tableContentColor"
              data-testid="Typography"
              variant="body2"
            >
              CC, CASH
            </div>
          </div>
          <div
            data-testid="RACTableCell"
          >
            <div
              className="tableContentColor"
              data-testid="Typography"
              variant="body2"
            >
              $92.77
            </div>
          </div>
          <div
            data-testid="RACTableCell"
          >
            <div
              className="tableContentColor"
              data-testid="Typography"
              variant="body2"
            >
              $6.00
            </div>
          </div>
        </div>
      </div>
    </div>
  </div>,
]
`;
