// Jest Snapshot v1, https://goo.gl/fbAQLP

exports[`WorkedHistory renders correctly 1`] = `
Array [
  <div>
    <div
      data-testid="legendItemListTestId"
    >
      <div
        className=""
        data-testid="legendItemTestId"
        onClick={[Function]}
      >
        <span />
        <span>
          Left Message
        </span>
      </div>
      <div
        className=""
        data-testid="legendItemTestId"
        onClick={[Function]}
      >
        <span />
        <span>
          Commitment
        </span>
      </div>
      <div
        className=""
        data-testid="legendItemTestId"
        onClick={[Function]}
      >
        <span />
        <span>
          No Contact
        </span>
      </div>
      <div
        className=""
        data-testid="legendItemTestId"
        onClick={[Function]}
      >
        <span />
        <span>
          Broken Commitment
        </span>
      </div>
      <div
        className=""
        data-testid="legendItemTestId"
        onClick={[Function]}
      >
        <span />
        <span>
          Text Sent
        </span>
      </div>
      <div
        className=""
        data-testid="legendItemTestId"
        onClick={[Function]}
      >
        <span />
        <span>
          Text Received
        </span>
      </div>
    </div>
  </div>,
  <div
    data-testid="InfiniteScroll"
    dataLength={7}
    height={330}
    loader={null}
    next={[Function]}
  >
    <div
      data-testid="RACTable"
    >
      <div
        id="table-head"
      >
        <div
          data-testid="RACTableCell"
        >
          <div
            data-testid="Typography"
            variant="h5"
          >
            Worked Date & Time
          </div>
        </div>
        <div
          data-testid="RACTableCell"
        >
          <div
            data-testid="Typography"
            variant="h5"
          >
            Worked Result
          </div>
        </div>
        <div
          data-testid="RACTableCell"
        >
          <div
            data-testid="Typography"
            variant="h5"
          >
            Notes
          </div>
        </div>
        <div
          data-testid="RACTableCell"
        >
          <div
            data-testid="Typography"
            variant="h5"
          >
            Commitment Status
          </div>
        </div>
        <div
          data-testid="RACTableCell"
        >
          <div
            data-testid="Typography"
            variant="h5"
          >
            Due Date
          </div>
        </div>
        <div
          align="center"
          data-testid="RACTableCell"
        >
          <div
            data-testid="Typography"
            variant="h5"
          >
            Days Late
          </div>
        </div>
        <div
          data-testid="RACTableCell"
        >
          <div
            data-testid="Typography"
            variant="h5"
          >
            Phone # Dialed
          </div>
        </div>
        <div
          data-testid="RACTableCell"
        >
          <div
            data-testid="Typography"
            variant="h5"
          >
            Relation
          </div>
        </div>
        <div
          data-testid="RACTableCell"
        >
          <div
            data-testid="Typography"
            variant="h5"
          >
            Source
          </div>
        </div>
      </div>
      <div
        id="table-content"
      >
        <div
          data-testid="RACTableRow"
          hover={true}
        >
          <div
            classes={
              Object {
                "root": undefined,
              }
            }
            data-testid="RACTableCell"
          >
            <div>
              <div
                classes={
                  Object {
                    "root": undefined,
                  }
                }
                data-testid="RACRowTip"
                tipColor="#ffffff"
              />
              <div
                data-testid="Typography"
                display="inline"
                variant="body2"
              >
                12/12/2021 11 AM
              </div>
            </div>
          </div>
          <div
            data-testid="RACTableCell"
          >
            <div
              data-testid="Typography"
              variant="body2"
            >
              No Answer
            </div>
          </div>
          <div
            data-testid="RACTableCell"
          >
            <div
              data-testid="Typography"
              noWrap={true}
              variant="body2"
            >
              <div
                color="primary"
                data-testid="Typography"
                noWrap={true}
                variant="body2"
              >
                <span
                  onClick={[Function]}
                >
                  Test note1
                </span>
              </div>
            </div>
          </div>
          <div
            data-testid="RACTableCell"
          >
            <div
              data-testid="Typography"
              variant="body2"
            >
              Good
            </div>
          </div>
          <div
            data-testid="RACTableCell"
          >
            <div
              data-testid="Typography"
              variant="body2"
            >
              12/12/2021
            </div>
          </div>
          <div
            data-testid="RACTableCell"
          >
            <div
              align="center"
              data-testid="Typography"
              variant="body2"
            />
          </div>
          <div
            data-testid="RACTableCell"
          >
            <div
              data-testid="Typography"
              variant="body2"
            >
              (***) ***-****
            </div>
          </div>
          <div
            data-testid="RACTableCell"
          >
            <div
              data-testid="Typography"
              variant="body2"
            >
              
            </div>
          </div>
          <div
            data-testid="RACTableCell"
          >
            <div
              data-testid="Typography"
              variant="body2"
            >
              Tim Sutton
            </div>
          </div>
        </div>
        <div
          data-testid="RACTableRow"
          hover={true}
        >
          <div
            classes={
              Object {
                "root": undefined,
              }
            }
            data-testid="RACTableCell"
          >
            <div>
              <div
                classes={
                  Object {
                    "root": undefined,
                  }
                }
                data-testid="RACRowTip"
                tipColor="#ffffff"
              />
              <div
                data-testid="Typography"
                display="inline"
                variant="body2"
              >
                12/12/2021 11 AM
              </div>
            </div>
          </div>
          <div
            data-testid="RACTableCell"
          >
            <div
              data-testid="Typography"
              variant="body2"
            >
              Text Sent To Phone
            </div>
          </div>
          <div
            data-testid="RACTableCell"
          >
            <div
              data-testid="Typography"
              noWrap={true}
              variant="body2"
            >
              <div
                color="primary"
                data-testid="Typography"
                noWrap={true}
                variant="body2"
              >
                <span
                  onClick={[Function]}
                >
                  Test note2
                </span>
              </div>
            </div>
          </div>
          <div
            data-testid="RACTableCell"
          >
            <div
              data-testid="Typography"
              variant="body2"
            >
              Good
            </div>
          </div>
          <div
            data-testid="RACTableCell"
          >
            <div
              data-testid="Typography"
              variant="body2"
            >
              12/12/2021
            </div>
          </div>
          <div
            data-testid="RACTableCell"
          >
            <div
              align="center"
              data-testid="Typography"
              variant="body2"
            />
          </div>
          <div
            data-testid="RACTableCell"
          >
            <div
              data-testid="Typography"
              variant="body2"
            >
              (***) ***-****
            </div>
          </div>
          <div
            data-testid="RACTableCell"
          >
            <div
              data-testid="Typography"
              variant="body2"
            >
              
            </div>
          </div>
          <div
            data-testid="RACTableCell"
          >
            <div
              data-testid="Typography"
              variant="body2"
            >
              Tim Sutton
            </div>
          </div>
        </div>
        <div
          data-testid="RACTableRow"
          hover={true}
        >
          <div
            classes={
              Object {
                "root": undefined,
              }
            }
            data-testid="RACTableCell"
          >
            <div>
              <div
                classes={
                  Object {
                    "root": undefined,
                  }
                }
                data-testid="RACRowTip"
                tipColor="#ffffff"
              />
              <div
                data-testid="Typography"
                display="inline"
                variant="body2"
              >
                12/12/2021 11 AM
              </div>
            </div>
          </div>
          <div
            data-testid="RACTableCell"
          >
            <div
              data-testid="Typography"
              variant="body2"
            >
              Text Sent To Phone
            </div>
          </div>
          <div
            data-testid="RACTableCell"
          >
            <div
              data-testid="Typography"
              noWrap={true}
              variant="body2"
            >
              <div
                color="primary"
                data-testid="Typography"
                noWrap={true}
                variant="body2"
              >
                <span
                  onClick={[Function]}
                >
                  Test note3
                </span>
              </div>
            </div>
          </div>
          <div
            data-testid="RACTableCell"
          >
            <div
              data-testid="Typography"
              variant="body2"
            >
              Good
            </div>
          </div>
          <div
            data-testid="RACTableCell"
          >
            <div
              data-testid="Typography"
              variant="body2"
            >
              12/12/2021
            </div>
          </div>
          <div
            data-testid="RACTableCell"
          >
            <div
              align="center"
              data-testid="Typography"
              variant="body2"
            />
          </div>
          <div
            data-testid="RACTableCell"
          >
            <div
              data-testid="Typography"
              variant="body2"
            >
              (***) ***-****
            </div>
          </div>
          <div
            data-testid="RACTableCell"
          >
            <div
              data-testid="Typography"
              variant="body2"
            >
              
            </div>
          </div>
          <div
            data-testid="RACTableCell"
          >
            <div
              data-testid="Typography"
              variant="body2"
            >
              Tim Sutton
            </div>
          </div>
        </div>
        <div
          data-testid="RACTableRow"
          hover={true}
        >
          <div
            classes={
              Object {
                "root": undefined,
              }
            }
            data-testid="RACTableCell"
          >
            <div>
              <div
                classes={
                  Object {
                    "root": undefined,
                  }
                }
                data-testid="RACRowTip"
                tipColor="#ffffff"
              />
              <div
                data-testid="Typography"
                display="inline"
                variant="body2"
              >
                12/12/2021 11 AM
              </div>
            </div>
          </div>
          <div
            data-testid="RACTableCell"
          >
            <div
              data-testid="Typography"
              variant="body2"
            >
              Text Sent To Phone
            </div>
          </div>
          <div
            data-testid="RACTableCell"
          >
            <div
              data-testid="Typography"
              noWrap={true}
              variant="body2"
            >
              <div
                color="primary"
                data-testid="Typography"
                noWrap={true}
                variant="body2"
              >
                <span
                  onClick={[Function]}
                >
                  Test note 4
                </span>
              </div>
            </div>
          </div>
          <div
            data-testid="RACTableCell"
          >
            <div
              data-testid="Typography"
              variant="body2"
            >
              Broken
            </div>
          </div>
          <div
            data-testid="RACTableCell"
          >
            <div
              data-testid="Typography"
              variant="body2"
            >
              12/12/2021
            </div>
          </div>
          <div
            data-testid="RACTableCell"
          >
            <div
              align="center"
              data-testid="Typography"
              variant="body2"
            />
          </div>
          <div
            data-testid="RACTableCell"
          >
            <div
              data-testid="Typography"
              variant="body2"
            >
              (***) ***-****
            </div>
          </div>
          <div
            data-testid="RACTableCell"
          >
            <div
              data-testid="Typography"
              variant="body2"
            >
              
            </div>
          </div>
          <div
            data-testid="RACTableCell"
          >
            <div
              data-testid="Typography"
              variant="body2"
            >
              Tim Sutton
            </div>
          </div>
        </div>
        <div
          data-testid="RACTableRow"
          hover={true}
        >
          <div
            classes={
              Object {
                "root": undefined,
              }
            }
            data-testid="RACTableCell"
          >
            <div>
              <div
                classes={
                  Object {
                    "root": undefined,
                  }
                }
                data-testid="RACRowTip"
                tipColor="#ffffff"
              />
              <div
                data-testid="Typography"
                display="inline"
                variant="body2"
              >
                12/12/2021 11 AM
              </div>
            </div>
          </div>
          <div
            data-testid="RACTableCell"
          >
            <div
              data-testid="Typography"
              variant="body2"
            >
              Text Sent To Phone
            </div>
          </div>
          <div
            data-testid="RACTableCell"
          >
            <div
              data-testid="Typography"
              noWrap={true}
              variant="body2"
            >
              <div
                color="primary"
                data-testid="Typography"
                noWrap={true}
                variant="body2"
              >
                <span
                  onClick={[Function]}
                >
                  Test note 5
                </span>
              </div>
            </div>
          </div>
          <div
            data-testid="RACTableCell"
          >
            <div
              data-testid="Typography"
              variant="body2"
            >
              Not existing, default to white
            </div>
          </div>
          <div
            data-testid="RACTableCell"
          >
            <div
              data-testid="Typography"
              variant="body2"
            >
              12/12/2021
            </div>
          </div>
          <div
            data-testid="RACTableCell"
          >
            <div
              align="center"
              data-testid="Typography"
              variant="body2"
            />
          </div>
          <div
            data-testid="RACTableCell"
          >
            <div
              data-testid="Typography"
              variant="body2"
            >
              (***) ***-****
            </div>
          </div>
          <div
            data-testid="RACTableCell"
          >
            <div
              data-testid="Typography"
              variant="body2"
            >
              
            </div>
          </div>
          <div
            data-testid="RACTableCell"
          >
            <div
              data-testid="Typography"
              variant="body2"
            >
              Tim Sutton
            </div>
          </div>
        </div>
        <div
          data-testid="RACTableRow"
          hover={true}
        >
          <div
            classes={
              Object {
                "root": undefined,
              }
            }
            data-testid="RACTableCell"
          >
            <div>
              <div
                classes={
                  Object {
                    "root": undefined,
                  }
                }
                data-testid="RACRowTip"
                tipColor="#ffffff"
              />
              <div
                data-testid="Typography"
                display="inline"
                variant="body2"
              >
                12/12/2021 11 AM
              </div>
            </div>
          </div>
          <div
            data-testid="RACTableCell"
          >
            <div
              data-testid="Typography"
              variant="body2"
            >
              Text Sent To Phone
            </div>
          </div>
          <div
            data-testid="RACTableCell"
          >
            <div
              data-testid="Typography"
              noWrap={true}
              variant="body2"
            >
              <div
                color="primary"
                data-testid="Typography"
                noWrap={true}
                variant="body2"
              >
                <span
                  onClick={[Function]}
                >
                  Test note 6
                </span>
              </div>
            </div>
          </div>
          <div
            data-testid="RACTableCell"
          >
            <div
              data-testid="Typography"
              variant="body2"
            >
              Not existing, default to white
            </div>
          </div>
          <div
            data-testid="RACTableCell"
          >
            <div
              data-testid="Typography"
              variant="body2"
            >
              12/12/2021
            </div>
          </div>
          <div
            data-testid="RACTableCell"
          >
            <div
              align="center"
              data-testid="Typography"
              variant="body2"
            />
          </div>
          <div
            data-testid="RACTableCell"
          >
            <div
              data-testid="Typography"
              variant="body2"
            >
              (***) ***-****
            </div>
          </div>
          <div
            data-testid="RACTableCell"
          >
            <div
              data-testid="Typography"
              variant="body2"
            >
              
            </div>
          </div>
          <div
            data-testid="RACTableCell"
          >
            <div
              data-testid="Typography"
              variant="body2"
            >
              Tim Sutton
            </div>
          </div>
        </div>
        <div
          data-testid="RACTableRow"
          hover={true}
        >
          <div
            classes={
              Object {
                "root": undefined,
              }
            }
            data-testid="RACTableCell"
          >
            <div>
              <div
                classes={
                  Object {
                    "root": undefined,
                  }
                }
                data-testid="RACRowTip"
                tipColor="#ffffff"
              />
              <div
                data-testid="Typography"
                display="inline"
                variant="body2"
              >
                12/12/2021 11 AM
              </div>
            </div>
          </div>
          <div
            data-testid="RACTableCell"
          >
            <div
              data-testid="Typography"
              variant="body2"
            >
              Text Sent To Phone
            </div>
          </div>
          <div
            data-testid="RACTableCell"
          >
            <div
              data-testid="Typography"
              noWrap={true}
              variant="body2"
            >
              <div
                color="primary"
                data-testid="Typography"
                noWrap={true}
                variant="body2"
              >
                <span
                  onClick={[Function]}
                >
                  Test note 7
                </span>
              </div>
            </div>
          </div>
          <div
            data-testid="RACTableCell"
          >
            <div
              data-testid="Typography"
              variant="body2"
            >
              Good
            </div>
          </div>
          <div
            data-testid="RACTableCell"
          >
            <div
              data-testid="Typography"
              variant="body2"
            >
              12/12/2021
            </div>
          </div>
          <div
            data-testid="RACTableCell"
          >
            <div
              align="center"
              data-testid="Typography"
              variant="body2"
            />
          </div>
          <div
            data-testid="RACTableCell"
          >
            <div
              data-testid="Typography"
              variant="body2"
            >
              (***) ***-****
            </div>
          </div>
          <div
            data-testid="RACTableCell"
          >
            <div
              data-testid="Typography"
              variant="body2"
            >
              
            </div>
          </div>
          <div
            data-testid="RACTableCell"
          >
            <div
              data-testid="Typography"
              variant="body2"
            >
              undefined undefined
            </div>
          </div>
        </div>
      </div>
    </div>
  </div>,
]
`;
